/data/home/aaamir2/miniconda3/envs/openmm_env/lib/python3.11/site-packages/MDAnalysis/coordinates/DCD.py:171: DeprecationWarning: DCDReader currently makes independent timesteps by copying self.ts while other readers update self.ts inplace. This behavior will be changed in 3.0 to be the same as other readers. Read more at https://github.com/MDAnalysis/mdanalysis/issues/3889 to learn if this change in behavior might affect you.
  warnings.warn("DCDReader currently makes independent timesteps"
Processing 10 counter(s), one at a time: ['npt_1.dcd', 'npt_2.dcd', 'npt_3.dcd', 'npt_4.dcd', 'npt_5.dcd', 'npt_6.dcd', 'npt_7.dcd', 'npt_8.dcd', 'npt_9.dcd', 'npt_10.dcd']
Water O: 3469  His37 ND1: 4

=== Counter 1/10: npt_1.dcd ===
  mean channel water this counter: 25.0
  candidate waters this counter: 442 of 3469
  channel water-water H-bonds/frame (mean this counter): 29.42
  channel protein-water H-bonds/frame (mean this counter): 76.89
  counter 1 done in 25.2 s

=== Counter 2/10: npt_2.dcd ===
  mean channel water this counter: 28.5
  candidate waters this counter: 461 of 3469
  channel water-water H-bonds/frame (mean this counter): 34.24
  channel protein-water H-bonds/frame (mean this counter): 89.30
  counter 2 done in 25.3 s

=== Counter 3/10: npt_3.dcd ===
  mean channel water this counter: 32.5
  candidate waters this counter: 541 of 3469
  channel water-water H-bonds/frame (mean this counter): 41.96
  channel protein-water H-bonds/frame (mean this counter): 91.38
  counter 3 done in 26.1 s

=== Counter 4/10: npt_4.dcd ===
  mean channel water this counter: 26.8
  candidate waters this counter: 433 of 3469
  channel water-water H-bonds/frame (mean this counter): 32.57
  channel protein-water H-bonds/frame (mean this counter): 80.60
  counter 4 done in 22.1 s

=== Counter 5/10: npt_5.dcd ===
  mean channel water this counter: 22.4
  candidate waters this counter: 327 of 3469
  channel water-water H-bonds/frame (mean this counter): 24.59
  channel protein-water H-bonds/frame (mean this counter): 76.85
  counter 5 done in 19.7 s

=== Counter 6/10: npt_6.dcd ===
  mean channel water this counter: 15.1
  candidate waters this counter: 225 of 3469
  channel water-water H-bonds/frame (mean this counter): 11.47
  channel protein-water H-bonds/frame (mean this counter): 63.36
  counter 6 done in 17.2 s

=== Counter 7/10: npt_7.dcd ===
  mean channel water this counter: 20.1
  candidate waters this counter: 280 of 3469
  channel water-water H-bonds/frame (mean this counter): 18.04
  channel protein-water H-bonds/frame (mean this counter): 76.10
  counter 7 done in 18.2 s

=== Counter 8/10: npt_8.dcd ===
  mean channel water this counter: 18.3
  candidate waters this counter: 203 of 3469
  channel water-water H-bonds/frame (mean this counter): 14.22
  channel protein-water H-bonds/frame (mean this counter): 75.08
  counter 8 done in 15.9 s

=== Counter 9/10: npt_9.dcd ===
  mean channel water this counter: 17.3
  candidate waters this counter: 193 of 3469
  channel water-water H-bonds/frame (mean this counter): 13.20
  channel protein-water H-bonds/frame (mean this counter): 71.96
  counter 9 done in 15.7 s

=== Counter 10/10: npt_10.dcd ===
  mean channel water this counter: 16.7
  candidate waters this counter: 185 of 3469
  channel water-water H-bonds/frame (mean this counter): 12.42
  channel protein-water H-bonds/frame (mean this counter): 71.63
  counter 10 done in 16.5 s

=== TOTAL across 10000 frames ===
Mean channel water molecules per frame (<8 A of His37): 22.3
Mean water-water H-bonds per frame (channel-internal): 23.21
Mean H-bonds per channel water molecule: 1.042  (bulk water is typically ~3.5 per molecule; a lower value here indicates a disrupted/incomplete network near the gate)
Saved: water_water_hbonds.csv
Saved: water_water_hbonds_timeseries.png
Saved: protein_water_hbonds.csv
Saved: protein_water_hbonds_frequency.png
Top 10 protein-channel-water H-bond partners:
  HID37: 2227.7% of frames
  TRP41: 1638.6% of frames
  GLY34: 1144.9% of frames
  ARG45: 554.1% of frames
  LEU40: 498.5% of frames
  ASP44: 442.0% of frames
  ALA30: 438.4% of frames
  ILE33: 390.0% of frames
  LEU38: 270.4% of frames
  ILE35: 53.4% of frames
Saved: protein_water_hbonds_timeseries.png
Done.
