/data/home/aaamir2/miniconda3/envs/openmm_env/lib/python3.11/site-packages/MDAnalysis/coordinates/DCD.py:171: DeprecationWarning: DCDReader currently makes independent timesteps by copying self.ts while other readers update self.ts inplace. This behavior will be changed in 3.0 to be the same as other readers. Read more at https://github.com/MDAnalysis/mdanalysis/issues/3889 to learn if this change in behavior might affect you.
  warnings.warn("DCDReader currently makes independent timesteps"
Ligand heavy atoms: 11
Hydrophobic protein heavy atoms: 552
  Frame 0/10000
  Frame 200/10000
  Frame 400/10000
  Frame 600/10000
  Frame 800/10000
  Frame 1000/10000
  Frame 1200/10000
  Frame 1400/10000
  Frame 1600/10000
  Frame 1800/10000
  Frame 2000/10000
  Frame 2200/10000
  Frame 2400/10000
  Frame 2600/10000
  Frame 2800/10000
  Frame 3000/10000
  Frame 3200/10000
  Frame 3400/10000
  Frame 3600/10000
  Frame 3800/10000
  Frame 4000/10000
  Frame 4200/10000
  Frame 4400/10000
  Frame 4600/10000
  Frame 4800/10000
  Frame 5000/10000
  Frame 5200/10000
  Frame 5400/10000
  Frame 5600/10000
  Frame 5800/10000
  Frame 6000/10000
  Frame 6200/10000
  Frame 6400/10000
  Frame 6600/10000
  Frame 6800/10000
  Frame 7000/10000
  Frame 7200/10000
  Frame 7400/10000
  Frame 7600/10000
  Frame 7800/10000
  Frame 8000/10000
  Frame 8200/10000
  Frame 8400/10000
  Frame 8600/10000
  Frame 8800/10000
  Frame 9000/10000
  Frame 9200/10000
  Frame 9400/10000
  Frame 9600/10000
  Frame 9800/10000
Saved: hydrophobic_contacts_heatmap.png
Saved: hydrophobic_contacts_timeseries.png
Done.
